==== cotisation.csv ====

siret,numéro_compte,période,encaissé,du
00000000000000,111982477292496174,2010-05-01 00:00:00-2010-06-01 00:00:00,4,4
11111111111111,636043216536562844,2010-07-01 00:00:00-2010-08-01 00:00:00,-68231,-21099
22222222222222,450359886246036238,2002-08-01 00:00:00-2002-09-01 00:00:00,-77244,-47022

