siret               	date_creation       	date_echeance       	duree_delai         	montant_echeancier  	stade               	action              
00000000000000      	2000-01-01 00:00:00 	2001-01-04 00:00:00 	456                 	5065.79             	nbz sk              	cya ng              
11111111111111      	2000-03-03 00:00:00 	2001-05-05 00:00:00 	758                 	74825.41            	qh                  	bad mu              
