$ ./sfdata parseFile --help
Parse un fichier vers la sortie standard

Usage: parseFile [FLAG]...

Flags:
    --parser        (type: string)
                Parseur à employer (ex: cotisation)
    --file          (type: string)
                Nom du fichier à parser. Contrairement à l'import, le chemin du fichier doit être complet et ne tient pas compte de la variable d'environnement APP_DATA
---
