==== procol.csv ====

siret,date_effet,action_procol,stade_procol
01234567891011,2014-05-26,redressement,solde_procedure
11109876543210,2017-10-04,redressement,solde_procedure
11111111111111,2014-07-17,redressement,solde_procedure

