{
	"valid" : [
		{
			"dataType" : "delai",
			"dataHash" : "hash-données-valides"
		}
	],
	"invalid" : [
		{
			"dataType" : "delai",
			"dataHash" : "hash-délai-nul"
		},
		{
			"dataType" : "delai",
			"dataHash" : "hash-date-manquante"
		},
		{
			"dataType" : "delai",
			"dataHash" : "hash-montant-nul"
		}
	]
}
