siret               	numero_compte       	numero_ecart_negatif	date_traitement     	part_ouvriere       	part_patronale      	numero_historique_ec	etat_compte         	code_procedure_colle	periode_debut       	periode_fin         	code_operation_ecart	code_motif_ecart_neg	recours_en_cours    
00000000000000      	111982477292496174  	659                 	1999-05-05 00:00:00 	1959.07             	8644.97             	9                   	5                   	0                   	2017-02-01 00:00:00 	2017-03-01 00:00:00 	3                   	74                  	false               
11111111111111      	636043216536562844  	397                 	2005-08-24 00:00:00 	0.03                	0.02                	9                   	4                   	4                   	2015-01-01 00:00:00 	2015-02-01 00:00:00 	63                  	74                  	false               
22222222222222      	450359886246036238  	738                 	2012-10-18 00:00:00 	0.01                	0.02                	4                   	1                   	1                   	1999-01-01 00:00:00 	1999-02-01 00:00:00 	43                  	40                  	true                
