siren               	raison_sociale      	prenom1_unite_legale	prenom2_unite_legale	prenom3_unite_legale	prenom4_unite_legale	nom_unite_legale    	nom_usage_unite_lega	statut_juridique    	creation            
138426539           	                    	cuhgjdp             	                    	                    	                    	jjqcmkg             	                    	5465                	0001-01-01 00:00:00 
789211558           	                    	ajfwprw-qmxobv      	                    	                    	                    	fvxmjl              	                    	5258                	0001-01-01 00:00:00 
238307776           	                    	wwdsrst             	                    	                    	                    	nduxdzbou           	                    	4263                	1964-01-01 00:00:00 
112233445           	companyname         	                    	                    	                    	                    	                    	                    	5422                	1967-01-01 00:00:00 
