==== ccsf.csv ====
siret,num√©ro_compte,date_traitement,stade,action
00000000000000,111982477292496174,2018-01-30,DEBUT,CCSF
11111111111111,636043216536562844,2019-04-20,REFUS,CCSF
22222222222222,450359886246036238,1999-04-01,APPROB,CCSF
