// Reports from db.Journal:
map[event:map[batchKey:1910 headFatal:[] headRejected:[Line 2: Pas de siret associé au compte 450359886246036238 à la période 2019-01-01 00:00:00 +0000 UTC] linesSkipped:0 summary:./lib/urssaf/testData/comptesTestData.csv: intégration terminée, 3 lignes traitées, 0 erreurs fatales, 1 lignes rejetées, 0 lignes filtrées, 2 lignes valides] hasCommitHash:false hasDate:true hasStartDate:true parserCode:admin_urssaf reportType:ImportBatch]
map[event:map[batchKey:1910 headFatal:[] headRejected:[] linesSkipped:0 summary:./lib/apconso/testData/apconsoTestData.csv: intégration terminée, 3 lignes traitées, 0 erreurs fatales, 0 lignes rejetées, 0 lignes filtrées, 3 lignes valides] hasCommitHash:false hasDate:true hasStartDate:true parserCode:apconso reportType:ImportBatch]
map[event:map[batchKey:1910 headFatal:[] headRejected:[] linesSkipped:0 summary:./lib/apdemande/testData/apdemandeTestData.csv: intégration terminée, 3 lignes traitées, 0 erreurs fatales, 0 lignes rejetées, 0 lignes filtrées, 3 lignes valides] hasCommitHash:false hasDate:true hasStartDate:true parserCode:apdemande reportType:ImportBatch]
map[event:map[batchKey:1910 headFatal:[] headRejected:[] linesSkipped:0 summary:./lib/urssaf/testData/ccsfTestData.csv: intégration terminée, 3 lignes traitées, 0 erreurs fatales, 0 lignes rejetées, 0 lignes filtrées, 3 lignes valides] hasCommitHash:false hasDate:true hasStartDate:true parserCode:ccsf reportType:ImportBatch]
map[event:map[batchKey:1910 headFatal:[] headRejected:[] linesSkipped:0 summary:./lib/urssaf/testData/cotisationTestData.csv: intégration terminée, 3 lignes traitées, 0 erreurs fatales, 0 lignes rejetées, 0 lignes filtrées, 3 lignes valides] hasCommitHash:false hasDate:true hasStartDate:true parserCode:cotisation reportType:ImportBatch]
map[event:map[batchKey:1910 headFatal:[] headRejected:[] linesSkipped:0 summary:./lib/urssaf/testData/debitTestData.csv: intégration terminée, 3 lignes traitées, 0 erreurs fatales, 0 lignes rejetées, 0 lignes filtrées, 3 lignes valides] hasCommitHash:false hasDate:true hasStartDate:true parserCode:debit reportType:ImportBatch]
map[event:map[batchKey:1910 headFatal:[] headRejected:[] linesSkipped:1 summary:./lib/urssaf/testData/delaiTestData.csv: intégration terminée, 3 lignes traitées, 0 erreurs fatales, 0 lignes rejetées, 1 lignes filtrées, 2 lignes valides] hasCommitHash:false hasDate:true hasStartDate:true parserCode:delai reportType:ImportBatch]
map[event:map[batchKey:1910 headFatal:[] headRejected:[] linesSkipped:0 summary:./lib/urssaf/testData/effectifTestData.csv: intégration terminée, 3 lignes traitées, 0 erreurs fatales, 0 lignes rejetées, 0 lignes filtrées, 3 lignes valides] hasCommitHash:false hasDate:true hasStartDate:true parserCode:effectif reportType:ImportBatch]
map[event:map[batchKey:1910 headFatal:[] headRejected:[] linesSkipped:0 summary:./lib/urssaf/testData/effectifEntTestData.csv: intégration terminée, 3 lignes traitées, 0 erreurs fatales, 0 lignes rejetées, 0 lignes filtrées, 3 lignes valides] hasCommitHash:false hasDate:true hasStartDate:true parserCode:effectif_ent reportType:ImportBatch]
map[event:map[batchKey:1910 headFatal:[] headRejected:[] linesSkipped:0 summary:./lib/urssaf/testData/procolTestData.csv: intégration terminée, 3 lignes traitées, 0 erreurs fatales, 0 lignes rejetées, 0 lignes filtrées, 3 lignes valides] hasCommitHash:false hasDate:true hasStartDate:true parserCode:procol reportType:ImportBatch]
map[event:map[batchKey:1910 headFatal:[] headRejected:[Line 5: strconv.ParseFloat: parsing "NOT_VALID": invalid syntax Line 5: strconv.ParseFloat: parsing "NOT_VALID": invalid syntax] linesSkipped:0 summary:./lib/sirene/testData/sireneTestData.csv: intégration terminée, 5 lignes traitées, 0 erreurs fatales, 1 lignes rejetées, 0 lignes filtrées, 4 lignes valides] hasCommitHash:false hasDate:true hasStartDate:true parserCode:sirene reportType:ImportBatch]
map[event:map[batchKey:1910 headFatal:[] headRejected:[] linesSkipped:0 summary:./lib/sirene_ul/testData/sireneULTestData.csv: intégration terminée, 4 lignes traitées, 0 erreurs fatales, 0 lignes rejetées, 0 lignes filtrées, 4 lignes valides] hasCommitHash:false hasDate:true hasStartDate:true parserCode:sirene_ul reportType:ImportBatch]
map[event:map[batchKey:1910 headFatal:<nil> headRejected:<nil> linesSkipped:<nil> summary:Type de fichier non reconnu: dummy] hasCommitHash:false hasDate:true hasStartDate:true parserCode:dummy reportType:ImportBatch_error]
