{"_id":"etablissement_01234567891011","scores":[{"_id":"score1","alert":"Alerte seuil F1","algo":"algo_avec_urssaf","batch":"2002_1","periode":"2014-01-01","score":0.97,"siret":"01234567891011","timestamp":"2014-01-01T00:00:00Z"},{"_id":"score2","alert":"Alerte seuil F1","algo":"algo_avec_urssaf","batch":"2002_1","periode":"2014-02-01","score":0.98,"siret":"01234567891011","timestamp":"2014-02-01T00:00:00Z"}],"value":{"apconso":[],"apdemande":[],"batch":"2002_1","compte":{},"cotisation":[0,0],"debit_montant_majorations":[0,0],"debit_part_ouvriere":[0,0],"debit_part_patronale":[0,0],"delai":[],"effectif":[null,null],"idEntreprise":"entreprise_012345678","key":"01234567891011","last_procol":{"etat":"in_bonis"},"periodes":["2014-01-01T00:00:00Z","2014-02-01T00:00:00Z"],"procol":{},"sirene":{}}}
{"_id":"etablissement_01234567891012","scores":[],"value":{"apconso":[],"apdemande":[],"batch":"2002_1","compte":{},"cotisation":[0,0],"debit_montant_majorations":[0,0],"debit_part_ouvriere":[0,0],"debit_part_patronale":[0,0],"delai":[],"effectif":[null,null],"idEntreprise":"entreprise_012345678","key":"01234567891012","last_procol":{"etat":"in_bonis"},"periodes":["2014-01-01T00:00:00Z","2014-02-01T00:00:00Z"],"procol":{},"sirene":{}}}
{"_id":"etablissement_21234567891011","scores":[],"value":{"apconso":[],"apdemande":[],"batch":"2002_1","compte":{},"cotisation":[0,0],"debit_montant_majorations":[0,0],"debit_part_ouvriere":[0,0],"debit_part_patronale":[0,0],"delai":[],"effectif":[null,null],"idEntreprise":"entreprise_212345678","key":"21234567891011","last_procol":{"etat":"in_bonis"},"periodes":["2014-01-01T00:00:00Z","2014-02-01T00:00:00Z"],"procol":{},"sirene":{}}}
