// Reports from db.Journal:
[
	{
		"event" : {
			"headRejected" : undefined,
			"headFatal" : undefined,
			"linesSkipped" : undefined,
			"summary" : "Type de fichier non reconnu: dummy",
			"batchKey" : "1910"
		},
		"reportType" : "ImportBatch_error",
		"parserCode" : "dummy",
		"hasCommitHash" : true,
		"hasDate" : true,
		"hasStartDate" : true
	},
	{
		"event" : {
			"headRejected" : [
				"Line 2: Pas de siret associé au compte 450359886246036238 à la période 2019-01-01 00:00:00 +0000 UTC"
			],
			"headFatal" : [ ],
			"linesSkipped" : NumberLong(0),
			"summary" : "/../lib/urssaf/testData/comptesTestData.csv: intégration terminée, 3 lignes traitées, 0 erreurs fatales, 1 lignes rejetées, 0 lignes filtrées, 2 lignes valides",
			"batchKey" : "1910"
		},
		"reportType" : "ImportBatch",
		"parserCode" : "admin_urssaf",
		"hasCommitHash" : true,
		"hasDate" : true,
		"hasStartDate" : true
	},
	{
		"event" : {
			"headRejected" : [ ],
			"headFatal" : [ ],
			"linesSkipped" : NumberLong(0),
			"summary" : "/../lib/apconso/testData/apconsoTestData.csv: intégration terminée, 3 lignes traitées, 0 erreurs fatales, 0 lignes rejetées, 0 lignes filtrées, 3 lignes valides",
			"batchKey" : "1910"
		},
		"reportType" : "ImportBatch",
		"parserCode" : "apconso",
		"hasCommitHash" : true,
		"hasDate" : true,
		"hasStartDate" : true
	},
	{
		"event" : {
			"headRejected" : [ ],
			"headFatal" : [ ],
			"linesSkipped" : NumberLong(0),
			"summary" : "/../lib/apdemande/testData/apdemandeTestData.csv: intégration terminée, 3 lignes traitées, 0 erreurs fatales, 0 lignes rejetées, 0 lignes filtrées, 3 lignes valides",
			"batchKey" : "1910"
		},
		"reportType" : "ImportBatch",
		"parserCode" : "apdemande",
		"hasCommitHash" : true,
		"hasDate" : true,
		"hasStartDate" : true
	},
	{
		"event" : {
			"headRejected" : [ ],
			"headFatal" : [ ],
			"linesSkipped" : NumberLong(0),
			"summary" : "/../lib/urssaf/testData/ccsfTestData.csv: intégration terminée, 3 lignes traitées, 0 erreurs fatales, 0 lignes rejetées, 0 lignes filtrées, 3 lignes valides",
			"batchKey" : "1910"
		},
		"reportType" : "ImportBatch",
		"parserCode" : "ccsf",
		"hasCommitHash" : true,
		"hasDate" : true,
		"hasStartDate" : true
	},
	{
		"event" : {
			"headRejected" : [ ],
			"headFatal" : [ ],
			"linesSkipped" : NumberLong(0),
			"summary" : "/../lib/urssaf/testData/cotisationTestData.csv: intégration terminée, 3 lignes traitées, 0 erreurs fatales, 0 lignes rejetées, 0 lignes filtrées, 3 lignes valides",
			"batchKey" : "1910"
		},
		"reportType" : "ImportBatch",
		"parserCode" : "cotisation",
		"hasCommitHash" : true,
		"hasDate" : true,
		"hasStartDate" : true
	},
	{
		"event" : {
			"headRejected" : [ ],
			"headFatal" : [ ],
			"linesSkipped" : NumberLong(0),
			"summary" : "/../lib/urssaf/testData/debitTestData.csv: intégration terminée, 3 lignes traitées, 0 erreurs fatales, 0 lignes rejetées, 0 lignes filtrées, 3 lignes valides",
			"batchKey" : "1910"
		},
		"reportType" : "ImportBatch",
		"parserCode" : "debit",
		"hasCommitHash" : true,
		"hasDate" : true,
		"hasStartDate" : true
	},
	{
		"event" : {
			"headRejected" : [ ],
			"headFatal" : [ ],
			"linesSkipped" : NumberLong(1),
			"summary" : "/../lib/urssaf/testData/delaiTestData.csv: intégration terminée, 3 lignes traitées, 0 erreurs fatales, 0 lignes rejetées, 1 lignes filtrées, 2 lignes valides",
			"batchKey" : "1910"
		},
		"reportType" : "ImportBatch",
		"parserCode" : "delai",
		"hasCommitHash" : true,
		"hasDate" : true,
		"hasStartDate" : true
	},
	{
		"event" : {
			"headRejected" : [ ],
			"headFatal" : [ ],
			"linesSkipped" : NumberLong(0),
			"summary" : "/../lib/urssaf/testData/effectifTestData.csv: intégration terminée, 3 lignes traitées, 0 erreurs fatales, 0 lignes rejetées, 0 lignes filtrées, 3 lignes valides",
			"batchKey" : "1910"
		},
		"reportType" : "ImportBatch",
		"parserCode" : "effectif",
		"hasCommitHash" : true,
		"hasDate" : true,
		"hasStartDate" : true
	},
	{
		"event" : {
			"headRejected" : [ ],
			"headFatal" : [ ],
			"linesSkipped" : NumberLong(0),
			"summary" : "/../lib/urssaf/testData/effectifEntTestData.csv: intégration terminée, 3 lignes traitées, 0 erreurs fatales, 0 lignes rejetées, 0 lignes filtrées, 3 lignes valides",
			"batchKey" : "1910"
		},
		"reportType" : "ImportBatch",
		"parserCode" : "effectif_ent",
		"hasCommitHash" : true,
		"hasDate" : true,
		"hasStartDate" : true
	},
	{
		"event" : {
			"headRejected" : [ ],
			"headFatal" : [ ],
			"linesSkipped" : NumberLong(0),
			"summary" : "/../lib/urssaf/testData/procolTestData.csv: intégration terminée, 3 lignes traitées, 0 erreurs fatales, 0 lignes rejetées, 0 lignes filtrées, 3 lignes valides",
			"batchKey" : "1910"
		},
		"reportType" : "ImportBatch",
		"parserCode" : "procol",
		"hasCommitHash" : true,
		"hasDate" : true,
		"hasStartDate" : true
	},
	{
		"event" : {
			"headRejected" : [
				"Line 5: strconv.ParseFloat: parsing \"NOT_VALID\": invalid syntax",
				"Line 5: strconv.ParseFloat: parsing \"NOT_VALID\": invalid syntax"
			],
			"headFatal" : [ ],
			"linesSkipped" : NumberLong(0),
			"summary" : "/../lib/sirene/testData/sireneTestData.csv: intégration terminée, 5 lignes traitées, 0 erreurs fatales, 1 lignes rejetées, 0 lignes filtrées, 4 lignes valides",
			"batchKey" : "1910"
		},
		"reportType" : "ImportBatch",
		"parserCode" : "sirene",
		"hasCommitHash" : true,
		"hasDate" : true,
		"hasStartDate" : true
	},
	{
		"event" : {
			"headRejected" : [ ],
			"headFatal" : [ ],
			"linesSkipped" : NumberLong(0),
			"summary" : "/../lib/sirene_ul/testData/sireneULTestData.csv: intégration terminée, 4 lignes traitées, 0 erreurs fatales, 0 lignes rejetées, 0 lignes filtrées, 4 lignes valides",
			"batchKey" : "1910"
		},
		"reportType" : "ImportBatch",
		"parserCode" : "sirene_ul",
		"hasCommitHash" : true,
		"hasDate" : true,
		"hasStartDate" : true
	}
]
