==== admin_urssaf.csv ====

siret,numéro_compte,période
00000000000000,111982477292496174,2019-01-01 00:00:00
11111111111111,636043216536562844,2019-01-01 00:00:00

