time=2025-08-23T18:18:05.891+02:00 level=ERROR msg="./lib/urssaf/testData/debitCorrompuTestData.csv: intégration terminée, 5 lignes traitées, 0 erreurs fatales, 2 lignes rejetées, 0 lignes filtrées, 3 lignes valides" app.sha1=c9e6b1f47bbaebb4bd38fb53e9757d2bd6a22dd2 batch=1910 parser=debit
