==== delai.csv ====

siret,numéro_compte,numéro_contentieux,date_création,date_échéance,durée_délai,dénomination,indic_6mois,année_création,montant_échéancier,stade,action
00000000000000,111982477292496174,5856690802766,2000-01-01,2001-01-04,456,etmlgcthph ecoowixknaae se,lhm,5647,5065.79,nbz sk,cya ng
11111111111111,636043216536562844,8981265766679,2000-03-03,2001-05-05,758,mtj n.p. eg saxjoc,uqu,9941,74825.41,qh,bad mu

