// db.Journal:
{
	"count" : 1,
	"reportType" : "ValidateDataEntries",
	"hasDate" : true,
	"hasStartDate" : true
}
// Result from sfdata validate:
{"_id":"01234567891011","batchKey":"1802","dataHash":"hash-d√©lai-nul","dataObject":{"action":"bad mu","annee_creation":9941,"date_creation":"2016-09-01T00:00:00Z","date_echeance":"2016-09-01T00:00:00Z","denomination":"mtj n.p. eg saxjoc","duree_delai":0,"indic_6m":"uqu","montant_echeancier":10,"numero_compte":"636043216536562844","numero_contentieux":"8981265766679","stade":"qh"},"dataType":"delai"}
{"_id":"01234567891011","batchKey":"1803","dataHash":"hash-statut_juridique-manquant","dataObject":{"raison_sociale":""},"dataType":"sirene_ul"}
{"_id":"01234567891011","batchKey":"1803","dataHash":"hash-siren-invalide","dataObject":{"raison_sociale":"","siren":"123","statut_juridique":"0000"},"dataType":"sirene_ul"}
{"_id":"01234567891011","batchKey":"1803","dataHash":"hash-date-manquante","dataObject":{"date_echeance":"2016-09-01T00:00:00Z","duree_delai":1,"montant_echeancier":10},"dataType":"delai"}
{"_id":"01234567891011","batchKey":"1803","dataHash":"hash-montant-nul","dataObject":{"date_creation":"2016-09-01T00:00:00Z","date_echeance":"2016-09-01T00:00:00Z","duree_delai":1,"montant_echeancier":0},"dataType":"delai"}
