==== apconso.csv ====
ID,Siret,HeureConsommee,Montant,Effectif,Periode
d363954866,61433760225578,311.54,214,0,2004-12-01
u90q913412,65272073959845,44.11,659,2,2019-01-01
p95a076375,53312397597505,780,62,16,2020-12-30
