$ ./sfdata import --help
Importe des fichiers de données

Usage: import [FLAG]...

Description:
    Effectue l'import de tous les fichiers du batch donné en paramètre.
    Il est possible de limiter l'exécution à certains parsers en spécifiant la liste dans le flag "--parsers".
    Répond "ok" dans la sortie standard, si le traitement s'est bien déroulé.

Flags:
    --batch batch_key        (type: string)
                         Identifiant du batch à importer (ex: 1802, pour Février 2018)
    --parsers                (type: []string)
                         Parseurs à employer (ex: altares,cotisation)
    --no-filter              (type: bool)
                         Pour procéder à l'importation même si aucun filtre n'est fourni
---
