$ ./sfdata check --help
Vérifie la validité d'un batch avant son importation

Usage: check [FLAG]...

Description:
    Vérifie la validité du batch sur le point d'être importé et des fichiers qui le constituent.
    Il est possible de limiter l'exécution à certains parsers en spécifiant la liste dans le flag "--parsers".
    Répond avec un propriété JSON "reports" qui contient les rapports textuels de parsing de chaque fichier.

Flags:
    --batch batch_key        (type: string)
                         Identifiant du batch à vérifier (ex: 1802, pour Février 2018)
    --parsers                (type: []string)
                         Parseurs à employer (ex: altares,cotisation)
---
