siret               	id_conso            	heures_consommees   	montant             	effectif            	periode             
61433760225578      	d363954866          	311.54              	214                 	0                   	2004-12-01 00:00:00 
65272073959845      	u90q913412          	44.11               	659                 	2                   	2019-01-01 00:00:00 
53312397597505      	p95a076375          	780                 	62                  	16                  	2020-12-30 00:00:00 
