{"_id":"entreprise_012345678","value":{"batch":"2002_1","key":"012345678"}}
{"_id":"entreprise_212345678","value":{"batch":"2002_1","key":"212345678"}}
