siren               	siret               	siege               	complement_adresse  	numero_voie         	indrep              	type_voie           	voie                	commune             	commune_etranger    	distribution_special	code_commune        	code_cedex          	cedex               	code_pays_etranger  	pays_etranger       	code_postal         	departement         	ape                 	code_activite       	nomenclature_activit	date_creation       	longitude           	latitude            
956520573           	95652057344947      	false               	                    	                    	                    	CHEMIN              	dguylittc           	rjkxla              	                    	                    	73187               	                    	                    	                    	                    	64276               	64                  	                    	94.7h               	NAFRev1             	2007-04-20 00:00:00 	6.1256              	14.106745           
969792769           	96979276956291      	true                	                    	192                 	                    	RUE                 	oyrdvmle            	qxszfpieiukzzxr     	                    	                    	94133               	                    	                    	                    	                    	08079               	08                  	                    	00.9u               	NAFRev1             	NULL                	6.140122            	58.817057           
497888333           	49788833327462      	true                	                    	55                  	                    	HAMEAU              	demnbujm            	hzvnctxvbgkms       	                    	                    	63024               	                    	                    	                    	                    	83699               	83                  	                    	28.4x               	NAFRev1             	2007-04-20 00:00:00 	5.52488             	65.448048           
121212123           	12121212300001      	true                	                    	55                  	                    	HAMEAU              	demnbujm            	hzvnctxvbgkms       	                    	                    	63024               	                    	                    	                    	                    	83699               	83                  	                    	28.4x               	NAFRev1             	2007-04-20 00:00:00 	0                   	0                   
232323234           	23232323400001      	true                	                    	55                  	                    	HAMEAU              	demnbujm            	hzvnctxvbgkms       	                    	                    	63024               	                    	                    	                    	                    	83699               	83                  	                    	28.4x               	NAFRev1             	2007-04-20 00:00:00 	0                   	0                   
