$ ./sfdata 
Commande non reconnue. Utilisez ./sfdata --help pour lister les commandes.
---
