// Documents from db.RawData, after call to /api/data/compact:
[
	{
		"_id" : "01234567891011",
		"value" : {
			"batch" : {
				"1910" : {
					
				}
			},
			"scope" : "etablissement",
			"index" : {
				"algo1" : false,
				"algo2" : false
			},
			"key" : "01234567891011"
		}
	}
]
// Documents from db.Features_debug, after call to /api/data/reduce:
[
	{
		"_id" : {
			"batch" : "1910",
			"siret" : "01234567891011",
			"periode" : ISODate("2014-01-01T00:00:00Z")
		},
		"value" : {
			"siret" : "01234567891011",
			"periode" : ISODate("2014-01-01T00:00:00Z"),
			"effectif" : null,
			"etat_proc_collective" : "in_bonis",
			"interessante_urssaf" : true,
			"outcome" : false,
			"nbr_etablissements_connus" : 1
		}
	},
	{
		"_id" : {
			"batch" : "1910",
			"siret" : "01234567891011",
			"periode" : ISODate("2014-02-01T00:00:00Z")
		},
		"value" : {
			"siret" : "01234567891011",
			"periode" : ISODate("2014-02-01T00:00:00Z"),
			"effectif" : null,
			"etat_proc_collective" : "in_bonis",
			"interessante_urssaf" : true,
			"outcome" : false,
			"nbr_etablissements_connus" : 1
		}
	},
	{
		"_id" : {
			"batch" : "1910",
			"siret" : "01234567891011",
			"periode" : ISODate("2014-03-01T00:00:00Z")
		},
		"value" : {
			"siret" : "01234567891011",
			"periode" : ISODate("2014-03-01T00:00:00Z"),
			"effectif" : null,
			"etat_proc_collective" : "in_bonis",
			"interessante_urssaf" : true,
			"outcome" : false,
			"nbr_etablissements_connus" : 1
		}
	},
	{
		"_id" : {
			"batch" : "1910",
			"siret" : "01234567891011",
			"periode" : ISODate("2014-04-01T00:00:00Z")
		},
		"value" : {
			"siret" : "01234567891011",
			"periode" : ISODate("2014-04-01T00:00:00Z"),
			"effectif" : null,
			"etat_proc_collective" : "in_bonis",
			"interessante_urssaf" : true,
			"outcome" : false,
			"nbr_etablissements_connus" : 1
		}
	},
	{
		"_id" : {
			"batch" : "1910",
			"siret" : "01234567891011",
			"periode" : ISODate("2014-05-01T00:00:00Z")
		},
		"value" : {
			"siret" : "01234567891011",
			"periode" : ISODate("2014-05-01T00:00:00Z"),
			"effectif" : null,
			"etat_proc_collective" : "in_bonis",
			"interessante_urssaf" : true,
			"outcome" : false,
			"nbr_etablissements_connus" : 1
		}
	},
	{
		"_id" : {
			"batch" : "1910",
			"siret" : "01234567891011",
			"periode" : ISODate("2014-06-01T00:00:00Z")
		},
		"value" : {
			"siret" : "01234567891011",
			"periode" : ISODate("2014-06-01T00:00:00Z"),
			"effectif" : null,
			"etat_proc_collective" : "in_bonis",
			"interessante_urssaf" : true,
			"outcome" : false,
			"nbr_etablissements_connus" : 1
		}
	},
	{
		"_id" : {
			"batch" : "1910",
			"siret" : "01234567891011",
			"periode" : ISODate("2014-07-01T00:00:00Z")
		},
		"value" : {
			"siret" : "01234567891011",
			"periode" : ISODate("2014-07-01T00:00:00Z"),
			"effectif" : null,
			"etat_proc_collective" : "in_bonis",
			"interessante_urssaf" : true,
			"outcome" : false,
			"nbr_etablissements_connus" : 1
		}
	},
	{
		"_id" : {
			"batch" : "1910",
			"siret" : "01234567891011",
			"periode" : ISODate("2014-08-01T00:00:00Z")
		},
		"value" : {
			"siret" : "01234567891011",
			"periode" : ISODate("2014-08-01T00:00:00Z"),
			"effectif" : null,
			"etat_proc_collective" : "in_bonis",
			"interessante_urssaf" : true,
			"outcome" : false,
			"nbr_etablissements_connus" : 1
		}
	},
	{
		"_id" : {
			"batch" : "1910",
			"siret" : "01234567891011",
			"periode" : ISODate("2014-09-01T00:00:00Z")
		},
		"value" : {
			"siret" : "01234567891011",
			"periode" : ISODate("2014-09-01T00:00:00Z"),
			"effectif" : null,
			"etat_proc_collective" : "in_bonis",
			"interessante_urssaf" : true,
			"outcome" : false,
			"nbr_etablissements_connus" : 1
		}
	},
	{
		"_id" : {
			"batch" : "1910",
			"siret" : "01234567891011",
			"periode" : ISODate("2014-10-01T00:00:00Z")
		},
		"value" : {
			"siret" : "01234567891011",
			"periode" : ISODate("2014-10-01T00:00:00Z"),
			"effectif" : null,
			"etat_proc_collective" : "in_bonis",
			"interessante_urssaf" : true,
			"outcome" : false,
			"nbr_etablissements_connus" : 1
		}
	},
	{
		"_id" : {
			"batch" : "1910",
			"siret" : "01234567891011",
			"periode" : ISODate("2014-11-01T00:00:00Z")
		},
		"value" : {
			"siret" : "01234567891011",
			"periode" : ISODate("2014-11-01T00:00:00Z"),
			"effectif" : null,
			"etat_proc_collective" : "in_bonis",
			"interessante_urssaf" : true,
			"outcome" : false,
			"nbr_etablissements_connus" : 1
		}
	},
	{
		"_id" : {
			"batch" : "1910",
			"siret" : "01234567891011",
			"periode" : ISODate("2014-12-01T00:00:00Z")
		},
		"value" : {
			"siret" : "01234567891011",
			"periode" : ISODate("2014-12-01T00:00:00Z"),
			"effectif" : null,
			"etat_proc_collective" : "in_bonis",
			"interessante_urssaf" : true,
			"outcome" : false,
			"nbr_etablissements_connus" : 1
		}
	},
	{
		"_id" : {
			"batch" : "1910",
			"siret" : "01234567891011",
			"periode" : ISODate("2015-01-01T00:00:00Z")
		},
		"value" : {
			"siret" : "01234567891011",
			"periode" : ISODate("2015-01-01T00:00:00Z"),
			"effectif" : null,
			"etat_proc_collective" : "in_bonis",
			"interessante_urssaf" : true,
			"outcome" : false,
			"nbr_etablissements_connus" : 1
		}
	},
	{
		"_id" : {
			"batch" : "1910",
			"siret" : "01234567891011",
			"periode" : ISODate("2015-02-01T00:00:00Z")
		},
		"value" : {
			"siret" : "01234567891011",
			"periode" : ISODate("2015-02-01T00:00:00Z"),
			"effectif" : null,
			"etat_proc_collective" : "in_bonis",
			"interessante_urssaf" : true,
			"outcome" : false,
			"nbr_etablissements_connus" : 1
		}
	},
	{
		"_id" : {
			"batch" : "1910",
			"siret" : "01234567891011",
			"periode" : ISODate("2015-03-01T00:00:00Z")
		},
		"value" : {
			"siret" : "01234567891011",
			"periode" : ISODate("2015-03-01T00:00:00Z"),
			"effectif" : null,
			"etat_proc_collective" : "in_bonis",
			"interessante_urssaf" : true,
			"outcome" : false,
			"nbr_etablissements_connus" : 1
		}
	},
	{
		"_id" : {
			"batch" : "1910",
			"siret" : "01234567891011",
			"periode" : ISODate("2015-04-01T00:00:00Z")
		},
		"value" : {
			"siret" : "01234567891011",
			"periode" : ISODate("2015-04-01T00:00:00Z"),
			"effectif" : null,
			"etat_proc_collective" : "in_bonis",
			"interessante_urssaf" : true,
			"outcome" : false,
			"nbr_etablissements_connus" : 1
		}
	},
	{
		"_id" : {
			"batch" : "1910",
			"siret" : "01234567891011",
			"periode" : ISODate("2015-05-01T00:00:00Z")
		},
		"value" : {
			"siret" : "01234567891011",
			"periode" : ISODate("2015-05-01T00:00:00Z"),
			"effectif" : null,
			"etat_proc_collective" : "in_bonis",
			"interessante_urssaf" : true,
			"outcome" : false,
			"nbr_etablissements_connus" : 1
		}
	},
	{
		"_id" : {
			"batch" : "1910",
			"siret" : "01234567891011",
			"periode" : ISODate("2015-06-01T00:00:00Z")
		},
		"value" : {
			"siret" : "01234567891011",
			"periode" : ISODate("2015-06-01T00:00:00Z"),
			"effectif" : null,
			"etat_proc_collective" : "in_bonis",
			"interessante_urssaf" : true,
			"outcome" : false,
			"nbr_etablissements_connus" : 1
		}
	},
	{
		"_id" : {
			"batch" : "1910",
			"siret" : "01234567891011",
			"periode" : ISODate("2015-07-01T00:00:00Z")
		},
		"value" : {
			"siret" : "01234567891011",
			"periode" : ISODate("2015-07-01T00:00:00Z"),
			"effectif" : null,
			"etat_proc_collective" : "in_bonis",
			"interessante_urssaf" : true,
			"outcome" : false,
			"nbr_etablissements_connus" : 1
		}
	},
	{
		"_id" : {
			"batch" : "1910",
			"siret" : "01234567891011",
			"periode" : ISODate("2015-08-01T00:00:00Z")
		},
		"value" : {
			"siret" : "01234567891011",
			"periode" : ISODate("2015-08-01T00:00:00Z"),
			"effectif" : null,
			"etat_proc_collective" : "in_bonis",
			"interessante_urssaf" : true,
			"outcome" : false,
			"nbr_etablissements_connus" : 1
		}
	},
	{
		"_id" : {
			"batch" : "1910",
			"siret" : "01234567891011",
			"periode" : ISODate("2015-09-01T00:00:00Z")
		},
		"value" : {
			"siret" : "01234567891011",
			"periode" : ISODate("2015-09-01T00:00:00Z"),
			"effectif" : null,
			"etat_proc_collective" : "in_bonis",
			"interessante_urssaf" : true,
			"outcome" : false,
			"nbr_etablissements_connus" : 1
		}
	},
	{
		"_id" : {
			"batch" : "1910",
			"siret" : "01234567891011",
			"periode" : ISODate("2015-10-01T00:00:00Z")
		},
		"value" : {
			"siret" : "01234567891011",
			"periode" : ISODate("2015-10-01T00:00:00Z"),
			"effectif" : null,
			"etat_proc_collective" : "in_bonis",
			"interessante_urssaf" : true,
			"outcome" : false,
			"nbr_etablissements_connus" : 1
		}
	},
	{
		"_id" : {
			"batch" : "1910",
			"siret" : "01234567891011",
			"periode" : ISODate("2015-11-01T00:00:00Z")
		},
		"value" : {
			"siret" : "01234567891011",
			"periode" : ISODate("2015-11-01T00:00:00Z"),
			"effectif" : null,
			"etat_proc_collective" : "in_bonis",
			"interessante_urssaf" : true,
			"outcome" : false,
			"nbr_etablissements_connus" : 1
		}
	},
	{
		"_id" : {
			"batch" : "1910",
			"siret" : "01234567891011",
			"periode" : ISODate("2015-12-01T00:00:00Z")
		},
		"value" : {
			"siret" : "01234567891011",
			"periode" : ISODate("2015-12-01T00:00:00Z"),
			"effectif" : null,
			"etat_proc_collective" : "in_bonis",
			"interessante_urssaf" : true,
			"outcome" : false,
			"nbr_etablissements_connus" : 1
		}
	},
	{
		"_id" : {
			"batch" : "1910",
			"siret" : "01234567891011",
			"periode" : ISODate("2016-01-01T00:00:00Z")
		},
		"value" : {
			"siret" : "01234567891011",
			"periode" : ISODate("2016-01-01T00:00:00Z"),
			"effectif" : null,
			"etat_proc_collective" : "in_bonis",
			"interessante_urssaf" : true,
			"outcome" : false,
			"nbr_etablissements_connus" : 1
		}
	},
	{
		"_id" : {
			"batch" : "1910",
			"siret" : "01234567891011",
			"periode" : ISODate("2016-02-01T00:00:00Z")
		},
		"value" : {
			"siret" : "01234567891011",
			"periode" : ISODate("2016-02-01T00:00:00Z"),
			"effectif" : null,
			"etat_proc_collective" : "in_bonis",
			"interessante_urssaf" : true,
			"outcome" : false,
			"nbr_etablissements_connus" : 1
		}
	},
	{
		"_id" : {
			"batch" : "1910",
			"siret" : "01234567891011",
			"periode" : ISODate("2016-03-01T00:00:00Z")
		},
		"value" : {
			"siret" : "01234567891011",
			"periode" : ISODate("2016-03-01T00:00:00Z"),
			"effectif" : null,
			"etat_proc_collective" : "in_bonis",
			"interessante_urssaf" : true,
			"outcome" : false,
			"nbr_etablissements_connus" : 1
		}
	},
	{
		"_id" : {
			"batch" : "1910",
			"siret" : "01234567891011",
			"periode" : ISODate("2016-04-01T00:00:00Z")
		},
		"value" : {
			"siret" : "01234567891011",
			"periode" : ISODate("2016-04-01T00:00:00Z"),
			"effectif" : null,
			"etat_proc_collective" : "in_bonis",
			"interessante_urssaf" : true,
			"outcome" : false,
			"nbr_etablissements_connus" : 1
		}
	},
	{
		"_id" : {
			"batch" : "1910",
			"siret" : "01234567891011",
			"periode" : ISODate("2016-05-01T00:00:00Z")
		},
		"value" : {
			"siret" : "01234567891011",
			"periode" : ISODate("2016-05-01T00:00:00Z"),
			"effectif" : null,
			"etat_proc_collective" : "in_bonis",
			"interessante_urssaf" : true,
			"outcome" : false,
			"nbr_etablissements_connus" : 1
		}
	},
	{
		"_id" : {
			"batch" : "1910",
			"siret" : "01234567891011",
			"periode" : ISODate("2016-06-01T00:00:00Z")
		},
		"value" : {
			"siret" : "01234567891011",
			"periode" : ISODate("2016-06-01T00:00:00Z"),
			"effectif" : null,
			"etat_proc_collective" : "in_bonis",
			"interessante_urssaf" : true,
			"outcome" : false,
			"nbr_etablissements_connus" : 1
		}
	},
	{
		"_id" : {
			"batch" : "1910",
			"siret" : "01234567891011",
			"periode" : ISODate("2016-07-01T00:00:00Z")
		},
		"value" : {
			"siret" : "01234567891011",
			"periode" : ISODate("2016-07-01T00:00:00Z"),
			"effectif" : null,
			"etat_proc_collective" : "in_bonis",
			"interessante_urssaf" : true,
			"outcome" : false,
			"nbr_etablissements_connus" : 1
		}
	},
	{
		"_id" : {
			"batch" : "1910",
			"siret" : "01234567891011",
			"periode" : ISODate("2016-08-01T00:00:00Z")
		},
		"value" : {
			"siret" : "01234567891011",
			"periode" : ISODate("2016-08-01T00:00:00Z"),
			"effectif" : null,
			"etat_proc_collective" : "in_bonis",
			"interessante_urssaf" : true,
			"outcome" : false,
			"nbr_etablissements_connus" : 1
		}
	},
	{
		"_id" : {
			"batch" : "1910",
			"siret" : "01234567891011",
			"periode" : ISODate("2016-09-01T00:00:00Z")
		},
		"value" : {
			"siret" : "01234567891011",
			"periode" : ISODate("2016-09-01T00:00:00Z"),
			"effectif" : null,
			"etat_proc_collective" : "in_bonis",
			"interessante_urssaf" : true,
			"outcome" : false,
			"nbr_etablissements_connus" : 1
		}
	},
	{
		"_id" : {
			"batch" : "1910",
			"siret" : "01234567891011",
			"periode" : ISODate("2016-10-01T00:00:00Z")
		},
		"value" : {
			"siret" : "01234567891011",
			"periode" : ISODate("2016-10-01T00:00:00Z"),
			"effectif" : null,
			"etat_proc_collective" : "in_bonis",
			"interessante_urssaf" : true,
			"outcome" : false,
			"nbr_etablissements_connus" : 1
		}
	},
	{
		"_id" : {
			"batch" : "1910",
			"siret" : "01234567891011",
			"periode" : ISODate("2016-11-01T00:00:00Z")
		},
		"value" : {
			"siret" : "01234567891011",
			"periode" : ISODate("2016-11-01T00:00:00Z"),
			"effectif" : null,
			"etat_proc_collective" : "in_bonis",
			"interessante_urssaf" : true,
			"outcome" : false,
			"nbr_etablissements_connus" : 1
		}
	},
	{
		"_id" : {
			"batch" : "1910",
			"siret" : "01234567891011",
			"periode" : ISODate("2016-12-01T00:00:00Z")
		},
		"value" : {
			"siret" : "01234567891011",
			"periode" : ISODate("2016-12-01T00:00:00Z"),
			"effectif" : null,
			"etat_proc_collective" : "in_bonis",
			"interessante_urssaf" : true,
			"outcome" : false,
			"nbr_etablissements_connus" : 1
		}
	},
	{
		"_id" : {
			"batch" : "1910",
			"siret" : "01234567891011",
			"periode" : ISODate("2017-01-01T00:00:00Z")
		},
		"value" : {
			"siret" : "01234567891011",
			"periode" : ISODate("2017-01-01T00:00:00Z"),
			"effectif" : null,
			"etat_proc_collective" : "in_bonis",
			"interessante_urssaf" : true,
			"outcome" : false,
			"nbr_etablissements_connus" : 1
		}
	},
	{
		"_id" : {
			"batch" : "1910",
			"siret" : "01234567891011",
			"periode" : ISODate("2017-02-01T00:00:00Z")
		},
		"value" : {
			"siret" : "01234567891011",
			"periode" : ISODate("2017-02-01T00:00:00Z"),
			"effectif" : null,
			"etat_proc_collective" : "in_bonis",
			"interessante_urssaf" : true,
			"outcome" : false,
			"nbr_etablissements_connus" : 1
		}
	},
	{
		"_id" : {
			"batch" : "1910",
			"siret" : "01234567891011",
			"periode" : ISODate("2017-03-01T00:00:00Z")
		},
		"value" : {
			"siret" : "01234567891011",
			"periode" : ISODate("2017-03-01T00:00:00Z"),
			"effectif" : null,
			"etat_proc_collective" : "in_bonis",
			"interessante_urssaf" : true,
			"outcome" : false,
			"nbr_etablissements_connus" : 1
		}
	},
	{
		"_id" : {
			"batch" : "1910",
			"siret" : "01234567891011",
			"periode" : ISODate("2017-04-01T00:00:00Z")
		},
		"value" : {
			"siret" : "01234567891011",
			"periode" : ISODate("2017-04-01T00:00:00Z"),
			"effectif" : null,
			"etat_proc_collective" : "in_bonis",
			"interessante_urssaf" : true,
			"outcome" : false,
			"nbr_etablissements_connus" : 1
		}
	},
	{
		"_id" : {
			"batch" : "1910",
			"siret" : "01234567891011",
			"periode" : ISODate("2017-05-01T00:00:00Z")
		},
		"value" : {
			"siret" : "01234567891011",
			"periode" : ISODate("2017-05-01T00:00:00Z"),
			"effectif" : null,
			"etat_proc_collective" : "in_bonis",
			"interessante_urssaf" : true,
			"outcome" : false,
			"nbr_etablissements_connus" : 1
		}
	},
	{
		"_id" : {
			"batch" : "1910",
			"siret" : "01234567891011",
			"periode" : ISODate("2017-06-01T00:00:00Z")
		},
		"value" : {
			"siret" : "01234567891011",
			"periode" : ISODate("2017-06-01T00:00:00Z"),
			"effectif" : null,
			"etat_proc_collective" : "in_bonis",
			"interessante_urssaf" : true,
			"outcome" : false,
			"nbr_etablissements_connus" : 1
		}
	},
	{
		"_id" : {
			"batch" : "1910",
			"siret" : "01234567891011",
			"periode" : ISODate("2017-07-01T00:00:00Z")
		},
		"value" : {
			"siret" : "01234567891011",
			"periode" : ISODate("2017-07-01T00:00:00Z"),
			"effectif" : null,
			"etat_proc_collective" : "in_bonis",
			"interessante_urssaf" : true,
			"outcome" : false,
			"nbr_etablissements_connus" : 1
		}
	},
	{
		"_id" : {
			"batch" : "1910",
			"siret" : "01234567891011",
			"periode" : ISODate("2017-08-01T00:00:00Z")
		},
		"value" : {
			"siret" : "01234567891011",
			"periode" : ISODate("2017-08-01T00:00:00Z"),
			"effectif" : null,
			"etat_proc_collective" : "in_bonis",
			"interessante_urssaf" : true,
			"outcome" : false,
			"nbr_etablissements_connus" : 1
		}
	},
	{
		"_id" : {
			"batch" : "1910",
			"siret" : "01234567891011",
			"periode" : ISODate("2017-09-01T00:00:00Z")
		},
		"value" : {
			"siret" : "01234567891011",
			"periode" : ISODate("2017-09-01T00:00:00Z"),
			"effectif" : null,
			"etat_proc_collective" : "in_bonis",
			"interessante_urssaf" : true,
			"outcome" : false,
			"nbr_etablissements_connus" : 1
		}
	},
	{
		"_id" : {
			"batch" : "1910",
			"siret" : "01234567891011",
			"periode" : ISODate("2017-10-01T00:00:00Z")
		},
		"value" : {
			"siret" : "01234567891011",
			"periode" : ISODate("2017-10-01T00:00:00Z"),
			"effectif" : null,
			"etat_proc_collective" : "in_bonis",
			"interessante_urssaf" : true,
			"outcome" : false,
			"nbr_etablissements_connus" : 1
		}
	},
	{
		"_id" : {
			"batch" : "1910",
			"siret" : "01234567891011",
			"periode" : ISODate("2017-11-01T00:00:00Z")
		},
		"value" : {
			"siret" : "01234567891011",
			"periode" : ISODate("2017-11-01T00:00:00Z"),
			"effectif" : null,
			"etat_proc_collective" : "in_bonis",
			"interessante_urssaf" : true,
			"outcome" : false,
			"nbr_etablissements_connus" : 1
		}
	},
	{
		"_id" : {
			"batch" : "1910",
			"siret" : "01234567891011",
			"periode" : ISODate("2017-12-01T00:00:00Z")
		},
		"value" : {
			"siret" : "01234567891011",
			"periode" : ISODate("2017-12-01T00:00:00Z"),
			"effectif" : null,
			"etat_proc_collective" : "in_bonis",
			"interessante_urssaf" : true,
			"outcome" : false,
			"nbr_etablissements_connus" : 1
		}
	},
	{
		"_id" : {
			"batch" : "1910",
			"siret" : "01234567891011",
			"periode" : ISODate("2018-01-01T00:00:00Z")
		},
		"value" : {
			"siret" : "01234567891011",
			"periode" : ISODate("2018-01-01T00:00:00Z"),
			"effectif" : null,
			"etat_proc_collective" : "in_bonis",
			"interessante_urssaf" : true,
			"outcome" : false,
			"nbr_etablissements_connus" : 1
		}
	},
	{
		"_id" : {
			"batch" : "1910",
			"siret" : "01234567891011",
			"periode" : ISODate("2018-02-01T00:00:00Z")
		},
		"value" : {
			"siret" : "01234567891011",
			"periode" : ISODate("2018-02-01T00:00:00Z"),
			"effectif" : null,
			"etat_proc_collective" : "in_bonis",
			"interessante_urssaf" : true,
			"outcome" : false,
			"nbr_etablissements_connus" : 1
		}
	},
	{
		"_id" : {
			"batch" : "1910",
			"siret" : "01234567891011",
			"periode" : ISODate("2018-03-01T00:00:00Z")
		},
		"value" : {
			"siret" : "01234567891011",
			"periode" : ISODate("2018-03-01T00:00:00Z"),
			"effectif" : null,
			"etat_proc_collective" : "in_bonis",
			"interessante_urssaf" : true,
			"outcome" : false,
			"nbr_etablissements_connus" : 1
		}
	},
	{
		"_id" : {
			"batch" : "1910",
			"siret" : "01234567891011",
			"periode" : ISODate("2018-04-01T00:00:00Z")
		},
		"value" : {
			"siret" : "01234567891011",
			"periode" : ISODate("2018-04-01T00:00:00Z"),
			"effectif" : null,
			"etat_proc_collective" : "in_bonis",
			"interessante_urssaf" : true,
			"outcome" : false,
			"nbr_etablissements_connus" : 1
		}
	},
	{
		"_id" : {
			"batch" : "1910",
			"siret" : "01234567891011",
			"periode" : ISODate("2018-05-01T00:00:00Z")
		},
		"value" : {
			"siret" : "01234567891011",
			"periode" : ISODate("2018-05-01T00:00:00Z"),
			"effectif" : null,
			"etat_proc_collective" : "in_bonis",
			"interessante_urssaf" : true,
			"outcome" : false,
			"nbr_etablissements_connus" : 1
		}
	},
	{
		"_id" : {
			"batch" : "1910",
			"siret" : "01234567891011",
			"periode" : ISODate("2018-06-01T00:00:00Z")
		},
		"value" : {
			"siret" : "01234567891011",
			"periode" : ISODate("2018-06-01T00:00:00Z"),
			"effectif" : null,
			"etat_proc_collective" : "in_bonis",
			"interessante_urssaf" : true,
			"outcome" : false,
			"nbr_etablissements_connus" : 1
		}
	},
	{
		"_id" : {
			"batch" : "1910",
			"siret" : "01234567891011",
			"periode" : ISODate("2018-07-01T00:00:00Z")
		},
		"value" : {
			"siret" : "01234567891011",
			"periode" : ISODate("2018-07-01T00:00:00Z"),
			"effectif" : null,
			"etat_proc_collective" : "in_bonis",
			"interessante_urssaf" : true,
			"outcome" : false,
			"nbr_etablissements_connus" : 1
		}
	},
	{
		"_id" : {
			"batch" : "1910",
			"siret" : "01234567891011",
			"periode" : ISODate("2018-08-01T00:00:00Z")
		},
		"value" : {
			"siret" : "01234567891011",
			"periode" : ISODate("2018-08-01T00:00:00Z"),
			"effectif" : null,
			"etat_proc_collective" : "in_bonis",
			"interessante_urssaf" : true,
			"outcome" : false,
			"nbr_etablissements_connus" : 1
		}
	},
	{
		"_id" : {
			"batch" : "1910",
			"siret" : "01234567891011",
			"periode" : ISODate("2018-09-01T00:00:00Z")
		},
		"value" : {
			"siret" : "01234567891011",
			"periode" : ISODate("2018-09-01T00:00:00Z"),
			"effectif" : null,
			"etat_proc_collective" : "in_bonis",
			"interessante_urssaf" : true,
			"outcome" : false,
			"nbr_etablissements_connus" : 1
		}
	},
	{
		"_id" : {
			"batch" : "1910",
			"siret" : "01234567891011",
			"periode" : ISODate("2018-10-01T00:00:00Z")
		},
		"value" : {
			"siret" : "01234567891011",
			"periode" : ISODate("2018-10-01T00:00:00Z"),
			"effectif" : null,
			"etat_proc_collective" : "in_bonis",
			"interessante_urssaf" : true,
			"outcome" : false,
			"nbr_etablissements_connus" : 1
		}
	},
	{
		"_id" : {
			"batch" : "1910",
			"siret" : "01234567891011",
			"periode" : ISODate("2018-11-01T00:00:00Z")
		},
		"value" : {
			"siret" : "01234567891011",
			"periode" : ISODate("2018-11-01T00:00:00Z"),
			"effectif" : null,
			"etat_proc_collective" : "in_bonis",
			"interessante_urssaf" : true,
			"outcome" : false,
			"nbr_etablissements_connus" : 1
		}
	},
	{
		"_id" : {
			"batch" : "1910",
			"siret" : "01234567891011",
			"periode" : ISODate("2018-12-01T00:00:00Z")
		},
		"value" : {
			"siret" : "01234567891011",
			"periode" : ISODate("2018-12-01T00:00:00Z"),
			"effectif" : null,
			"etat_proc_collective" : "in_bonis",
			"interessante_urssaf" : true,
			"outcome" : false,
			"nbr_etablissements_connus" : 1
		}
	},
	{
		"_id" : {
			"batch" : "1910",
			"siret" : "01234567891011",
			"periode" : ISODate("2019-01-01T00:00:00Z")
		},
		"value" : {
			"siret" : "01234567891011",
			"periode" : ISODate("2019-01-01T00:00:00Z"),
			"effectif" : null,
			"etat_proc_collective" : "in_bonis",
			"interessante_urssaf" : true,
			"outcome" : false,
			"nbr_etablissements_connus" : 1
		}
	},
	{
		"_id" : {
			"batch" : "1910",
			"siret" : "01234567891011",
			"periode" : ISODate("2019-02-01T00:00:00Z")
		},
		"value" : {
			"siret" : "01234567891011",
			"periode" : ISODate("2019-02-01T00:00:00Z"),
			"effectif" : null,
			"etat_proc_collective" : "in_bonis",
			"interessante_urssaf" : true,
			"outcome" : false,
			"nbr_etablissements_connus" : 1
		}
	},
	{
		"_id" : {
			"batch" : "1910",
			"siret" : "01234567891011",
			"periode" : ISODate("2019-03-01T00:00:00Z")
		},
		"value" : {
			"siret" : "01234567891011",
			"periode" : ISODate("2019-03-01T00:00:00Z"),
			"effectif" : null,
			"etat_proc_collective" : "in_bonis",
			"interessante_urssaf" : true,
			"outcome" : false,
			"nbr_etablissements_connus" : 1
		}
	},
	{
		"_id" : {
			"batch" : "1910",
			"siret" : "01234567891011",
			"periode" : ISODate("2019-04-01T00:00:00Z")
		},
		"value" : {
			"siret" : "01234567891011",
			"periode" : ISODate("2019-04-01T00:00:00Z"),
			"effectif" : null,
			"etat_proc_collective" : "in_bonis",
			"interessante_urssaf" : true,
			"outcome" : false,
			"nbr_etablissements_connus" : 1
		}
	},
	{
		"_id" : {
			"batch" : "1910",
			"siret" : "01234567891011",
			"periode" : ISODate("2019-05-01T00:00:00Z")
		},
		"value" : {
			"siret" : "01234567891011",
			"periode" : ISODate("2019-05-01T00:00:00Z"),
			"effectif" : null,
			"etat_proc_collective" : "in_bonis",
			"interessante_urssaf" : true,
			"outcome" : false,
			"nbr_etablissements_connus" : 1
		}
	},
	{
		"_id" : {
			"batch" : "1910",
			"siret" : "01234567891011",
			"periode" : ISODate("2019-06-01T00:00:00Z")
		},
		"value" : {
			"siret" : "01234567891011",
			"periode" : ISODate("2019-06-01T00:00:00Z"),
			"effectif" : null,
			"etat_proc_collective" : "in_bonis",
			"interessante_urssaf" : true,
			"outcome" : false,
			"nbr_etablissements_connus" : 1
		}
	},
	{
		"_id" : {
			"batch" : "1910",
			"siret" : "01234567891011",
			"periode" : ISODate("2019-07-01T00:00:00Z")
		},
		"value" : {
			"siret" : "01234567891011",
			"periode" : ISODate("2019-07-01T00:00:00Z"),
			"effectif" : null,
			"etat_proc_collective" : "in_bonis",
			"interessante_urssaf" : true,
			"outcome" : false,
			"nbr_etablissements_connus" : 1
		}
	},
	{
		"_id" : {
			"batch" : "1910",
			"siret" : "01234567891011",
			"periode" : ISODate("2019-08-01T00:00:00Z")
		},
		"value" : {
			"siret" : "01234567891011",
			"periode" : ISODate("2019-08-01T00:00:00Z"),
			"effectif" : null,
			"etat_proc_collective" : "in_bonis",
			"interessante_urssaf" : true,
			"outcome" : false,
			"nbr_etablissements_connus" : 1
		}
	},
	{
		"_id" : {
			"batch" : "1910",
			"siret" : "01234567891011",
			"periode" : ISODate("2019-09-01T00:00:00Z")
		},
		"value" : {
			"siret" : "01234567891011",
			"periode" : ISODate("2019-09-01T00:00:00Z"),
			"effectif" : null,
			"etat_proc_collective" : "in_bonis",
			"interessante_urssaf" : true,
			"outcome" : false,
			"nbr_etablissements_connus" : 1
		}
	}
]
// Documents from db.Public_debug, after call to /api/data/public:
[
	{
		"_id" : "etablissement_01234567891011",
		"value" : {
			"key" : "01234567891011",
			"batch" : "1910",
			"sirene" : {
				
			},
			"periodes" : [
				ISODate("2014-01-01T00:00:00Z"),
				ISODate("2014-02-01T00:00:00Z"),
				ISODate("2014-03-01T00:00:00Z"),
				ISODate("2014-04-01T00:00:00Z"),
				ISODate("2014-05-01T00:00:00Z"),
				ISODate("2014-06-01T00:00:00Z"),
				ISODate("2014-07-01T00:00:00Z"),
				ISODate("2014-08-01T00:00:00Z"),
				ISODate("2014-09-01T00:00:00Z"),
				ISODate("2014-10-01T00:00:00Z"),
				ISODate("2014-11-01T00:00:00Z"),
				ISODate("2014-12-01T00:00:00Z"),
				ISODate("2015-01-01T00:00:00Z"),
				ISODate("2015-02-01T00:00:00Z"),
				ISODate("2015-03-01T00:00:00Z"),
				ISODate("2015-04-01T00:00:00Z"),
				ISODate("2015-05-01T00:00:00Z"),
				ISODate("2015-06-01T00:00:00Z"),
				ISODate("2015-07-01T00:00:00Z"),
				ISODate("2015-08-01T00:00:00Z"),
				ISODate("2015-09-01T00:00:00Z"),
				ISODate("2015-10-01T00:00:00Z"),
				ISODate("2015-11-01T00:00:00Z"),
				ISODate("2015-12-01T00:00:00Z"),
				ISODate("2016-01-01T00:00:00Z"),
				ISODate("2016-02-01T00:00:00Z"),
				ISODate("2016-03-01T00:00:00Z"),
				ISODate("2016-04-01T00:00:00Z"),
				ISODate("2016-05-01T00:00:00Z"),
				ISODate("2016-06-01T00:00:00Z"),
				ISODate("2016-07-01T00:00:00Z"),
				ISODate("2016-08-01T00:00:00Z"),
				ISODate("2016-09-01T00:00:00Z"),
				ISODate("2016-10-01T00:00:00Z"),
				ISODate("2016-11-01T00:00:00Z"),
				ISODate("2016-12-01T00:00:00Z"),
				ISODate("2017-01-01T00:00:00Z"),
				ISODate("2017-02-01T00:00:00Z"),
				ISODate("2017-03-01T00:00:00Z"),
				ISODate("2017-04-01T00:00:00Z"),
				ISODate("2017-05-01T00:00:00Z"),
				ISODate("2017-06-01T00:00:00Z"),
				ISODate("2017-07-01T00:00:00Z"),
				ISODate("2017-08-01T00:00:00Z"),
				ISODate("2017-09-01T00:00:00Z"),
				ISODate("2017-10-01T00:00:00Z"),
				ISODate("2017-11-01T00:00:00Z"),
				ISODate("2017-12-01T00:00:00Z"),
				ISODate("2018-01-01T00:00:00Z"),
				ISODate("2018-02-01T00:00:00Z"),
				ISODate("2018-03-01T00:00:00Z"),
				ISODate("2018-04-01T00:00:00Z"),
				ISODate("2018-05-01T00:00:00Z"),
				ISODate("2018-06-01T00:00:00Z"),
				ISODate("2018-07-01T00:00:00Z"),
				ISODate("2018-08-01T00:00:00Z"),
				ISODate("2018-09-01T00:00:00Z"),
				ISODate("2018-10-01T00:00:00Z"),
				ISODate("2018-11-01T00:00:00Z"),
				ISODate("2018-12-01T00:00:00Z"),
				ISODate("2019-01-01T00:00:00Z"),
				ISODate("2019-02-01T00:00:00Z"),
				ISODate("2019-03-01T00:00:00Z"),
				ISODate("2019-04-01T00:00:00Z"),
				ISODate("2019-05-01T00:00:00Z"),
				ISODate("2019-06-01T00:00:00Z"),
				ISODate("2019-07-01T00:00:00Z"),
				ISODate("2019-08-01T00:00:00Z"),
				ISODate("2019-09-01T00:00:00Z")
			],
			"debit_part_patronale" : [
				0,
				0,
				0,
				0,
				0,
				0,
				0,
				0,
				0,
				0,
				0,
				0,
				0,
				0,
				0,
				0,
				0,
				0,
				0,
				0,
				0,
				0,
				0,
				0,
				0,
				0,
				0,
				0,
				0,
				0,
				0,
				0,
				0,
				0,
				0,
				0,
				0,
				0,
				0,
				0,
				0,
				0,
				0,
				0,
				0,
				0,
				0,
				0,
				0,
				0,
				0,
				0,
				0,
				0,
				0,
				0,
				0,
				0,
				0,
				0,
				0,
				0,
				0,
				0,
				0,
				0,
				0,
				0,
				0
			],
			"debit_part_ouvriere" : [
				0,
				0,
				0,
				0,
				0,
				0,
				0,
				0,
				0,
				0,
				0,
				0,
				0,
				0,
				0,
				0,
				0,
				0,
				0,
				0,
				0,
				0,
				0,
				0,
				0,
				0,
				0,
				0,
				0,
				0,
				0,
				0,
				0,
				0,
				0,
				0,
				0,
				0,
				0,
				0,
				0,
				0,
				0,
				0,
				0,
				0,
				0,
				0,
				0,
				0,
				0,
				0,
				0,
				0,
				0,
				0,
				0,
				0,
				0,
				0,
				0,
				0,
				0,
				0,
				0,
				0,
				0,
				0,
				0
			],
			"debit_montant_majorations" : [
				0,
				0,
				0,
				0,
				0,
				0,
				0,
				0,
				0,
				0,
				0,
				0,
				0,
				0,
				0,
				0,
				0,
				0,
				0,
				0,
				0,
				0,
				0,
				0,
				0,
				0,
				0,
				0,
				0,
				0,
				0,
				0,
				0,
				0,
				0,
				0,
				0,
				0,
				0,
				0,
				0,
				0,
				0,
				0,
				0,
				0,
				0,
				0,
				0,
				0,
				0,
				0,
				0,
				0,
				0,
				0,
				0,
				0,
				0,
				0,
				0,
				0,
				0,
				0,
				0,
				0,
				0,
				0,
				0
			],
			"effectif" : [
				null,
				null,
				null,
				null,
				null,
				null,
				null,
				null,
				null,
				null,
				null,
				null,
				null,
				null,
				null,
				null,
				null,
				null,
				null,
				null,
				null,
				null,
				null,
				null,
				null,
				null,
				null,
				null,
				null,
				null,
				null,
				null,
				null,
				null,
				null,
				null,
				null,
				null,
				null,
				null,
				null,
				null,
				null,
				null,
				null,
				null,
				null,
				null,
				null,
				null,
				null,
				null,
				null,
				null,
				null,
				null,
				null,
				null,
				null,
				null,
				null,
				null,
				null,
				null,
				null,
				null,
				null,
				null,
				null
			],
			"cotisation" : [
				0,
				0,
				0,
				0,
				0,
				0,
				0,
				0,
				0,
				0,
				0,
				0,
				0,
				0,
				0,
				0,
				0,
				0,
				0,
				0,
				0,
				0,
				0,
				0,
				0,
				0,
				0,
				0,
				0,
				0,
				0,
				0,
				0,
				0,
				0,
				0,
				0,
				0,
				0,
				0,
				0,
				0,
				0,
				0,
				0,
				0,
				0,
				0,
				0,
				0,
				0,
				0,
				0,
				0,
				0,
				0,
				0,
				0,
				0,
				0,
				0,
				0,
				0,
				0,
				0,
				0,
				0,
				0,
				0
			],
			"apconso" : [ ],
			"apdemande" : [ ],
			"delai" : [ ],
			"compte" : undefined,
			"procol" : [ ]
		}
	}
]
